---
source: src/main.rs
assertion_line: 964
expression: "render_metrics(test_data, \"ups0\".to_string())?"
---
# HELP apcupsd_info Metadata for apcupsd.
# TYPE apcupsd_info gauge
apcupsd_info{ups="ups0",ups_name="APC_BX1500",model="Back-UPS RS 1500",serial_number="JB0416347259",hostname="linux",version="3.10.17 (18 March 2005) suse",cable="USB Cable",ups_mode="Stand Alone",alarm_delay="Always",last_self_test_result="NO",manufacture_date="2005-02-15",firmware_version=".g9 .D USB FW:g9"} 1
# HELP apcupsd_last_update_timestamp_seconds Date and time of last update from UPS.
# TYPE apcupsd_last_update_timestamp_seconds gauge
apcupsd_last_update_timestamp_seconds{ups="ups0",ups_name="APC_BX1500",model="Back-UPS RS 1500",serial_number="JB0416347259"} 1118031637
# HELP apcupsd_start_timestamp_seconds Date and time apcupsd was started.
# TYPE apcupsd_start_timestamp_seconds gauge
apcupsd_start_timestamp_seconds{ups="ups0",ups_name="APC_BX1500",model="Back-UPS RS 1500",serial_number="JB0416347259"} 1118028565
# HELP apcupsd_line_volts Current input line voltage.
# TYPE apcupsd_line_volts gauge
apcupsd_line_volts{ups="ups0",ups_name="APC_BX1500",model="Back-UPS RS 1500",serial_number="JB0416347259"} 118
# HELP apcupsd_ups_load_percent Percentage of UPS load capacity used.
# TYPE apcupsd_ups_load_percent gauge
apcupsd_ups_load_percent{ups="ups0",ups_name="APC_BX1500",model="Back-UPS RS 1500",serial_number="JB0416347259"} 0
# HELP apcupsd_battery_charge_percent Current battery capacity charge percentage.
# TYPE apcupsd_battery_charge_percent gauge
apcupsd_battery_charge_percent{ups="ups0",ups_name="APC_BX1500",model="Back-UPS RS 1500",serial_number="JB0416347259"} 1
# HELP apcupsd_battery_time_left_seconds Remaining runtime left on battery as estimated by the UPS.
# TYPE apcupsd_battery_time_left_seconds gauge
apcupsd_battery_time_left_seconds{ups="ups0",ups_name="APC_BX1500",model="Back-UPS RS 1500",serial_number="JB0416347259"} 44250
# HELP apcupsd_battery_charge_required_for_shutdown_percent Min battery charge % (BCHARGE) required for system shutdown.
# TYPE apcupsd_battery_charge_required_for_shutdown_percent gauge
apcupsd_battery_charge_required_for_shutdown_percent{ups="ups0",ups_name="APC_BX1500",model="Back-UPS RS 1500",serial_number="JB0416347259"} 0.05
# HELP apcupsd_battery_runtime_required_for_shutdown_seconds Min battery runtime required for system shutdown.
# TYPE apcupsd_battery_runtime_required_for_shutdown_seconds gauge
apcupsd_battery_runtime_required_for_shutdown_seconds{ups="ups0",ups_name="APC_BX1500",model="Back-UPS RS 1500",serial_number="JB0416347259"} 180
# HELP apcupsd_battery_runtime_trigger_shutdown_seconds Max battery runtime after which system is shutdown.
# TYPE apcupsd_battery_runtime_trigger_shutdown_seconds gauge
apcupsd_battery_runtime_trigger_shutdown_seconds{ups="ups0",ups_name="APC_BX1500",model="Back-UPS RS 1500",serial_number="JB0416347259"} 0
# HELP apcupsd_transfer_low_volts Input line voltage below which UPS will switch to battery.
# TYPE apcupsd_transfer_low_volts gauge
apcupsd_transfer_low_volts{ups="ups0",ups_name="APC_BX1500",model="Back-UPS RS 1500",serial_number="JB0416347259"} 97
# HELP apcupsd_transfer_high_volts Input line voltage above which UPS will switch to battery.
# TYPE apcupsd_transfer_high_volts gauge
apcupsd_transfer_high_volts{ups="ups0",ups_name="APC_BX1500",model="Back-UPS RS 1500",serial_number="JB0416347259"} 138
# HELP apcupsd_battery_volts Current battery voltage.
# TYPE apcupsd_battery_volts gauge
apcupsd_battery_volts{ups="ups0",ups_name="APC_BX1500",model="Back-UPS RS 1500",serial_number="JB0416347259"} 26.8
# HELP apcupsd_battery_number_transfers_total Number of transfers to battery since apcupsd startup.
# TYPE apcupsd_battery_number_transfers_total counter
apcupsd_battery_number_transfers_total{ups="ups0",ups_name="APC_BX1500",model="Back-UPS RS 1500",serial_number="JB0416347259"} 2
# HELP apcupsd_last_transfer_on_battery_timestamp_seconds Date, time of last transfer to battery since apcupsd startup.
# TYPE apcupsd_last_transfer_on_battery_timestamp_seconds gauge
apcupsd_last_transfer_on_battery_timestamp_seconds{ups="ups0",ups_name="APC_BX1500",model="Back-UPS RS 1500",serial_number="JB0416347259"} 1118029758
# HELP apcupsd_battery_time_on_seconds Seconds currently on battery.
# TYPE apcupsd_battery_time_on_seconds gauge
apcupsd_battery_time_on_seconds{ups="ups0",ups_name="APC_BX1500",model="Back-UPS RS 1500",serial_number="JB0416347259"} 0
# HELP apcupsd_battery_cumulative_time_on_seconds_total Cumulative seconds on battery since apcupsd startup.
# TYPE apcupsd_battery_cumulative_time_on_seconds_total counter
apcupsd_battery_cumulative_time_on_seconds_total{ups="ups0",ups_name="APC_BX1500",model="Back-UPS RS 1500",serial_number="JB0416347259"} 7
# HELP apcupsd_last_transfer_off_battery_timestamp_seconds Date, time of last transfer off battery since apcupsd startup.
# TYPE apcupsd_last_transfer_off_battery_timestamp_seconds gauge
apcupsd_last_transfer_off_battery_timestamp_seconds{ups="ups0",ups_name="APC_BX1500",model="Back-UPS RS 1500",serial_number="JB0416347259"} 1118029759
# HELP apcupsd_status_calibration Runtime calibration occurring.
# TYPE apcupsd_status_calibration gauge
apcupsd_status_calibration{ups="ups0",ups_name="APC_BX1500",model="Back-UPS RS 1500",serial_number="JB0416347259"} 0
# HELP apcupsd_status_trim SmartTrim.
# TYPE apcupsd_status_trim gauge
apcupsd_status_trim{ups="ups0",ups_name="APC_BX1500",model="Back-UPS RS 1500",serial_number="JB0416347259"} 0
# HELP apcupsd_status_boost SmartBoost.
# TYPE apcupsd_status_boost gauge
apcupsd_status_boost{ups="ups0",ups_name="APC_BX1500",model="Back-UPS RS 1500",serial_number="JB0416347259"} 0
# HELP apcupsd_status_on_line On line.
# TYPE apcupsd_status_on_line gauge
apcupsd_status_on_line{ups="ups0",ups_name="APC_BX1500",model="Back-UPS RS 1500",serial_number="JB0416347259"} 1
# HELP apcupsd_status_on_battery On battery.
# TYPE apcupsd_status_on_battery gauge
apcupsd_status_on_battery{ups="ups0",ups_name="APC_BX1500",model="Back-UPS RS 1500",serial_number="JB0416347259"} 0
# HELP apcupsd_status_overloaded_output Overloaded output.
# TYPE apcupsd_status_overloaded_output gauge
apcupsd_status_overloaded_output{ups="ups0",ups_name="APC_BX1500",model="Back-UPS RS 1500",serial_number="JB0416347259"} 0
# HELP apcupsd_status_battery_low Battery low.
# TYPE apcupsd_status_battery_low gauge
apcupsd_status_battery_low{ups="ups0",ups_name="APC_BX1500",model="Back-UPS RS 1500",serial_number="JB0416347259"} 0
# HELP apcupsd_status_replace_battery Replace battery.
# TYPE apcupsd_status_replace_battery gauge
apcupsd_status_replace_battery{ups="ups0",ups_name="APC_BX1500",model="Back-UPS RS 1500",serial_number="JB0416347259"} 0
# HELP apcupsd_status_communication_lost Communications with UPS lost.
# TYPE apcupsd_status_communication_lost gauge
apcupsd_status_communication_lost{ups="ups0",ups_name="APC_BX1500",model="Back-UPS RS 1500",serial_number="JB0416347259"} 0
# HELP apcupsd_status_shutdown_in_progress Shutdown in progress.
# TYPE apcupsd_status_shutdown_in_progress gauge
apcupsd_status_shutdown_in_progress{ups="ups0",ups_name="APC_BX1500",model="Back-UPS RS 1500",serial_number="JB0416347259"} 0
# HELP apcupsd_status_slave Set if this is a slave.
# TYPE apcupsd_status_slave gauge
apcupsd_status_slave{ups="ups0",ups_name="APC_BX1500",model="Back-UPS RS 1500",serial_number="JB0416347259"} 0
# HELP apcupsd_status_slave_down Slave not responding.
# TYPE apcupsd_status_slave_down gauge
apcupsd_status_slave_down{ups="ups0",ups_name="APC_BX1500",model="Back-UPS RS 1500",serial_number="JB0416347259"} 0
# HELP apcupsd_status_on_battery_message_sent Set when UPS_ONBATT message is sent.
# TYPE apcupsd_status_on_battery_message_sent gauge
apcupsd_status_on_battery_message_sent{ups="ups0",ups_name="APC_BX1500",model="Back-UPS RS 1500",serial_number="JB0416347259"} 0
# HELP apcupsd_status_fast_poll Set on power failure to poll faster.
# TYPE apcupsd_status_fast_poll gauge
apcupsd_status_fast_poll{ups="ups0",ups_name="APC_BX1500",model="Back-UPS RS 1500",serial_number="JB0416347259"} 0
# HELP apcupsd_status_shutdown_load Set when BatLoad <= percent.
# TYPE apcupsd_status_shutdown_load gauge
apcupsd_status_shutdown_load{ups="ups0",ups_name="APC_BX1500",model="Back-UPS RS 1500",serial_number="JB0416347259"} 0
# HELP apcupsd_status_shutdown_time Set when time on batts > maxtime.
# TYPE apcupsd_status_shutdown_time gauge
apcupsd_status_shutdown_time{ups="ups0",ups_name="APC_BX1500",model="Back-UPS RS 1500",serial_number="JB0416347259"} 0
# HELP apcupsd_status_shutdown_time_left Set when TimeLeft <= runtime.
# TYPE apcupsd_status_shutdown_time_left gauge
apcupsd_status_shutdown_time_left{ups="ups0",ups_name="APC_BX1500",model="Back-UPS RS 1500",serial_number="JB0416347259"} 0
# HELP apcupsd_status_emergency_shutdown Set when battery power has failed.
# TYPE apcupsd_status_emergency_shutdown gauge
apcupsd_status_emergency_shutdown{ups="ups0",ups_name="APC_BX1500",model="Back-UPS RS 1500",serial_number="JB0416347259"} 0
# HELP apcupsd_status_remote_shutdown Set when remote shutdown.
# TYPE apcupsd_status_remote_shutdown gauge
apcupsd_status_remote_shutdown{ups="ups0",ups_name="APC_BX1500",model="Back-UPS RS 1500",serial_number="JB0416347259"} 0
# HELP apcupsd_status_plugged_in Set if computer is plugged into UPS.
# TYPE apcupsd_status_plugged_in gauge
apcupsd_status_plugged_in{ups="ups0",ups_name="APC_BX1500",model="Back-UPS RS 1500",serial_number="JB0416347259"} 0
# HELP apcupsd_status_battery_present Indicates if battery is connected.
# TYPE apcupsd_status_battery_present gauge
apcupsd_status_battery_present{ups="ups0",ups_name="APC_BX1500",model="Back-UPS RS 1500",serial_number="JB0416347259"} 0
# HELP apcupsd_battery_last_replacement_timestamp_seconds Date battery last replaced.
# TYPE apcupsd_battery_last_replacement_timestamp_seconds gauge
apcupsd_battery_last_replacement_timestamp_seconds{ups="ups0",ups_name="APC_BX1500",model="Back-UPS RS 1500",serial_number="JB0416347259"} 1001376000
# HELP apcupsd_battery_nominal_volts Nominal battery voltage.
# TYPE apcupsd_battery_nominal_volts gauge
apcupsd_battery_nominal_volts{ups="ups0",ups_name="APC_BX1500",model="Back-UPS RS 1500",serial_number="JB0416347259"} 24
